  console.log
    Ôùç injected env (4) from .env // tip: Ôîÿ custom filepath { path: '/custom/path/.env' }

      at _log (node_modules/dotenv/lib/main.js:131:11)

  console.log
    Ô£à MongoDB Connected

      at connectDB (src/config/db.ts:8:17)

[0mPOST /api/auth/login [32m200[0m 97.535 ms - 421[0m
  console.log
    Bearer eyJhbGciOiJIUzI1NiIsInR5cCI6IkpXVCJ9.eyJpZCI6IjZhNTUwYWI3ZDNlMTUyZGQwNzQzYzc4ZCIsInJvbGUiOiJBRE1JTiIsImlhdCI6MTc4Mzk1ODE5OSwiZXhwIjoxNzg0MDQ0NTk5fQ.SdVLaepfCTJxbh3ryTP6lNIhu6qoecSk0ZGhjRVi7tY

      at authMiddleware (src/middlewares/auth.middleware.ts:21:17)

[0mPOST /api/users [32m201[0m 82.115 ms - 321[0m
  console.log
    Bearer eyJhbGciOiJIUzI1NiIsInR5cCI6IkpXVCJ9.eyJpZCI6IjZhNTUwYWI3ZDNlMTUyZGQwNzQzYzc4ZCIsInJvbGUiOiJBRE1JTiIsImlhdCI6MTc4Mzk1ODE5OSwiZXhwIjoxNzg0MDQ0NTk5fQ.SdVLaepfCTJxbh3ryTP6lNIhu6qoecSk0ZGhjRVi7tY

      at authMiddleware (src/middlewares/auth.middleware.ts:21:17)

[0mPOST /api/users [32m201[0m 75.888 ms - 320[0m
[0mPOST /api/auth/login [32m200[0m 75.750 ms - 469[0m
[0mPOST /api/auth/login [32m200[0m 74.707 ms - 468[0m
  console.log
    Bearer eyJhbGciOiJIUzI1NiIsInR5cCI6IkpXVCJ9.eyJpZCI6IjZhNTUwYWI3ZDNlMTUyZGQwNzQzYzc4ZCIsInJvbGUiOiJBRE1JTiIsImlhdCI6MTc4Mzk1ODE5OSwiZXhwIjoxNzg0MDQ0NTk5fQ.SdVLaepfCTJxbh3ryTP6lNIhu6qoecSk0ZGhjRVi7tY

      at authMiddleware (src/middlewares/auth.middleware.ts:21:17)

[0mPOST /api/data [32m201[0m 10.529 ms - 607[0m
  console.log
    Bearer eyJhbGciOiJIUzI1NiIsInR5cCI6IkpXVCJ9.eyJpZCI6IjZhNTUwYWI3ZDNlMTUyZGQwNzQzYzc5MCIsInJvbGUiOiJFTVBMT1lFRSIsImlhdCI6MTc4Mzk1ODE5OSwiZXhwIjoxNzg0MDQ0NTk5fQ.dLOzBl_tOxRqrc8iNr3QhhxmpWVBlW36sP3zE-NPl-s

      at authMiddleware (src/middlewares/auth.middleware.ts:21:17)

[0mGET /api/history/data/6a550ab7d3e152dd0743c798 [32m200[0m 10.433 ms - 235[0m
  console.log
    Bearer eyJhbGciOiJIUzI1NiIsInR5cCI6IkpXVCJ9.eyJpZCI6IjZhNTUwYWI3ZDNlMTUyZGQwNzQzYzc5MiIsInJvbGUiOiJFTVBMT1lFRSIsImlhdCI6MTc4Mzk1ODE5OSwiZXhwIjoxNzg0MDQ0NTk5fQ.l5mhqd6T0zdvoC1WwyztDaLj-vanlLhAigpeJAdd4uk

      at authMiddleware (src/middlewares/auth.middleware.ts:21:17)

  console.error
    AppError: Data not found
        at DataService.getDataById (C:\Users\pc\Desktop\SecureClassify\backend\src\services\data.service.ts:16:19)
        at processTicksAndRejections (node:internal/process/task_queues:103:5)
        at C:\Users\pc\Desktop\SecureClassify\backend\src\controllers\data.controller.ts:16:22 {
      statusCode: 404
    }

    [0m [90m  9 |[39m )[33m:[39m [36mvoid[39m [33m=>[39m {
     [90m 10 |[39m
    [31m[1m>[22m[39m[90m 11 |[39m     console[33m.[39merror(err)[33m;[39m
     [90m    |[39m             [31m[1m^[22m[39m
     [90m 12 |[39m
     [90m 13 |[39m     [36mif[39m (err [36minstanceof[39m [33mAppError[39m) {
     [90m 14 |[39m[0m

      at errorHandler (src/middlewares/error.middleware.ts:11:13)
      at Layer.handleError (node_modules/router/lib/layer.js:116:17)
      at trimPrefix (node_modules/router/index.js:340:13)
      at node_modules/router/index.js:297:9
      at processParams (node_modules/router/index.js:582:12)
      at next (node_modules/router/index.js:291:5)
      at node_modules/router/index.js:688:15
      at next (node_modules/router/index.js:276:14)
      at node_modules/router/index.js:688:15
      at next (node_modules/router/index.js:276:14)
      at next (node_modules/router/lib/route.js:132:14)

[0mGET /api/data/6a550ab7d3e152dd0743c798 [33m404[0m 18.253 ms - 44[0m
  console.log
    Bearer eyJhbGciOiJIUzI1NiIsInR5cCI6IkpXVCJ9.eyJpZCI6IjZhNTUwYWI3ZDNlMTUyZGQwNzQzYzc4ZCIsInJvbGUiOiJBRE1JTiIsImlhdCI6MTc4Mzk1ODE5OSwiZXhwIjoxNzg0MDQ0NTk5fQ.SdVLaepfCTJxbh3ryTP6lNIhu6qoecSk0ZGhjRVi7tY

      at authMiddleware (src/middlewares/auth.middleware.ts:21:17)

  console.error
    AppError: Data not found
        at DataService.getDataById (C:\Users\pc\Desktop\SecureClassify\backend\src\services\data.service.ts:16:19)
        at processTicksAndRejections (node:internal/process/task_queues:103:5)
        at C:\Users\pc\Desktop\SecureClassify\backend\src\controllers\data.controller.ts:16:22 {
      statusCode: 404
    }

    [0m [90m  9 |[39m )[33m:[39m [36mvoid[39m [33m=>[39m {
     [90m 10 |[39m
    [31m[1m>[22m[39m[90m 11 |[39m     console[33m.[39merror(err)[33m;[39m
     [90m    |[39m             [31m[1m^[22m[39m
     [90m 12 |[39m
     [90m 13 |[39m     [36mif[39m (err [36minstanceof[39m [33mAppError[39m) {
     [90m 14 |[39m[0m

      at errorHandler (src/middlewares/error.middleware.ts:11:13)
      at Layer.handleError (node_modules/router/lib/layer.js:116:17)
      at trimPrefix (node_modules/router/index.js:340:13)
      at node_modules/router/index.js:297:9
      at processParams (node_modules/router/index.js:582:12)
      at next (node_modules/router/index.js:291:5)
      at node_modules/router/index.js:688:15
      at next (node_modules/router/index.js:276:14)
      at node_modules/router/index.js:688:15
      at next (node_modules/router/index.js:276:14)
      at next (node_modules/router/lib/route.js:132:14)

[0mGET /api/data/6a550ab7d3e152dd0743c798 [33m404[0m 7.458 ms - 44[0m
